[2026-06-02T20:39:08Z] config=serine_protease_input.json taxon=2759 reviewed_only=False reference_proteome_only=True max_per_family=all
[2026-06-02T20:39:08Z] SKIPPED families (no handle, fill in config): S33, S26, S16
[2026-06-02T20:39:08Z] === S1 [pfam] chymotrypsin/trypsin ===
[2026-06-02T20:39:08Z]   query: (xref:pfam-PF00089) AND (keyword:KW-1185) AND (taxonomy_id:2759)
[2026-06-02T20:39:13Z]   500 proteins, 401 with RefSeq xref -> SP_S1.fasta
[2026-06-02T20:39:13Z] === S8 [pfam] subtilisin ===
[2026-06-02T20:39:13Z]   query: (xref:pfam-PF00082) AND (keyword:KW-1185) AND (taxonomy_id:2759)
[2026-06-02T20:39:22Z]   500 proteins, 329 with RefSeq xref -> SP_S8.fasta
[2026-06-02T20:39:22Z] === S9 [pfam] prolyl oligopeptidase ===
[2026-06-02T20:39:22Z]   query: (xref:pfam-PF00326) AND (keyword:KW-1185) AND (taxonomy_id:2759)
[2026-06-02T20:39:26Z]   500 proteins, 196 with RefSeq xref -> SP_S9.fasta
[2026-06-02T20:39:27Z] === S10 [pfam] serine carboxypeptidase ===
[2026-06-02T20:39:27Z]   query: (xref:pfam-PF00450) AND (keyword:KW-1185) AND (taxonomy_id:2759)
[2026-06-02T20:39:30Z]   500 proteins, 231 with RefSeq xref -> SP_S10.fasta
[2026-06-02T20:39:30Z] === S28 [pfam] lysosomal Pro-X carboxypeptidase ===
[2026-06-02T20:39:30Z]   query: (xref:pfam-PF05577) AND (keyword:KW-1185) AND (taxonomy_id:2759)
[2026-06-02T20:39:32Z]   500 proteins, 129 with RefSeq xref -> SP_S28.fasta
[2026-06-02T20:39:33Z] === S14 [pfam] Clp protease (ClpP) ===
[2026-06-02T20:39:33Z]   query: (xref:pfam-PF00574) AND (keyword:KW-1185) AND (taxonomy_id:2759)
[2026-06-02T20:39:35Z]   500 proteins, 177 with RefSeq xref -> SP_S14.fasta
[2026-06-02T20:39:36Z] === S49 [pfam] protease IV / SppA ===
[2026-06-02T20:39:36Z]   query: (xref:pfam-PF01343) AND (keyword:KW-1185) AND (taxonomy_id:2759)
[2026-06-02T20:39:38Z]   500 proteins, 68 with RefSeq xref -> SP_S49.fasta
[2026-06-02T20:39:38Z] === SUMMARY (family / proteins / with-RefSeq) ===
[2026-06-02T20:39:38Z]     S1: 500 / 401
[2026-06-02T20:39:38Z]     S8: 500 / 329
[2026-06-02T20:39:38Z]     S9: 500 / 196
[2026-06-02T20:39:38Z]    S10: 500 / 231
[2026-06-02T20:39:38Z]    S28: 500 / 129
[2026-06-02T20:39:38Z]    S14: 500 / 177
[2026-06-02T20:39:38Z]    S49: 500 / 68
[2026-06-02T20:39:38Z] raw table: euk_ser_unrev/serine_proteases_raw.tsv
[2026-06-02T20:39:38Z] run log:   euk_ser_unrev/logs/run_20260602T203908Z.log
