[2026-06-02T20:36:28Z] config=serine_protease_input.json taxon=2759 reviewed_only=True reference_proteome_only=True max_per_family=all
[2026-06-02T20:36:28Z] SKIPPED families (no handle, fill in config): S33, S26, S16
[2026-06-02T20:36:28Z] === S1 [pfam] chymotrypsin/trypsin ===
[2026-06-02T20:36:28Z]   query: (xref:pfam-PF00089) AND (reviewed:true) AND (keyword:KW-1185) AND (taxonomy_id:2759)
[2026-06-02T20:36:30Z]   500 proteins, 401 with RefSeq xref -> SP_S1.fasta
[2026-06-02T20:36:30Z] === S8 [pfam] subtilisin ===
[2026-06-02T20:36:30Z]   query: (xref:pfam-PF00082) AND (reviewed:true) AND (keyword:KW-1185) AND (taxonomy_id:2759)
[2026-06-02T20:36:31Z]   221 proteins, 196 with RefSeq xref -> SP_S8.fasta
[2026-06-02T20:36:31Z] === S9 [pfam] prolyl oligopeptidase ===
[2026-06-02T20:36:31Z]   query: (xref:pfam-PF00326) AND (reviewed:true) AND (keyword:KW-1185) AND (taxonomy_id:2759)
[2026-06-02T20:36:32Z]   123 proteins, 92 with RefSeq xref -> SP_S9.fasta
[2026-06-02T20:36:32Z] === S10 [pfam] serine carboxypeptidase ===
[2026-06-02T20:36:32Z]   query: (xref:pfam-PF00450) AND (reviewed:true) AND (keyword:KW-1185) AND (taxonomy_id:2759)
[2026-06-02T20:36:33Z]   182 proteins, 155 with RefSeq xref -> SP_S10.fasta
[2026-06-02T20:36:34Z] === S28 [pfam] lysosomal Pro-X carboxypeptidase ===
[2026-06-02T20:36:34Z]   query: (xref:pfam-PF05577) AND (reviewed:true) AND (keyword:KW-1185) AND (taxonomy_id:2759)
[2026-06-02T20:36:34Z]   17 proteins, 17 with RefSeq xref -> SP_S28.fasta
[2026-06-02T20:36:34Z] === S14 [pfam] Clp protease (ClpP) ===
[2026-06-02T20:36:34Z]   query: (xref:pfam-PF00574) AND (reviewed:true) AND (keyword:KW-1185) AND (taxonomy_id:2759)
[2026-06-02T20:36:35Z]   34 proteins, 32 with RefSeq xref -> SP_S14.fasta
[2026-06-02T20:36:35Z] === S49 [pfam] protease IV / SppA ===
[2026-06-02T20:36:35Z]   query: (xref:pfam-PF01343) AND (reviewed:true) AND (keyword:KW-1185) AND (taxonomy_id:2759)
[2026-06-02T20:36:35Z]   1 proteins, 1 with RefSeq xref -> SP_S49.fasta
[2026-06-02T20:36:36Z] === SUMMARY (family / proteins / with-RefSeq) ===
[2026-06-02T20:36:36Z]     S1: 500 / 401
[2026-06-02T20:36:36Z]     S8: 221 / 196
[2026-06-02T20:36:36Z]     S9: 123 / 92
[2026-06-02T20:36:36Z]    S10: 182 / 155
[2026-06-02T20:36:36Z]    S28: 17 / 17
[2026-06-02T20:36:36Z]    S14: 34 / 32
[2026-06-02T20:36:36Z]    S49: 1 / 1
[2026-06-02T20:36:36Z] raw table: euk_ser_rev/serine_proteases_raw.tsv
[2026-06-02T20:36:36Z] run log:   euk_ser_rev/logs/run_20260602T203628Z.log
